// Vitest Snapshot v1, https://vitest.dev/guide/snapshot.html

exports[`CompanyCard > matches snapshot. 1`] = `
<DocumentFragment>
  <article
    class="CompanyCard"
  >
    <header
      class="CompanyCard__header"
    >
      <img
        alt="Company 1 Logo"
        src="logo1.png"
      />
      <h1>
        Company 1
      </h1>
    </header>
    <summary
      class="CompanyCard__info"
    >
      <p>
        12 employees
      </p>
      <p>
        Company 1 description.
      </p>
    </summary>
  </article>
</DocumentFragment>
`;
