// Vitest Snapshot v1, https://vitest.dev/guide/snapshot.html

exports[`CompanyCard > matches snapshot. 1`] = `
<DocumentFragment>
  <div
    class="CompanyCard card"
  >
    <img
      alt="Company 1 Logo"
      class="CompanyCard__logo"
      src="logo1.png"
    />
    <div
      class="CompanyCard__info card-body"
    >
      <h3
        class="card-title"
      >
        Company 1
      </h3>
      <div
        class="card-subtitle"
      >
        12 employees
      </div>
      <p
        class="card-text"
      >
        Company 1 description.
      </p>
    </div>
  </div>
</DocumentFragment>
`;
