// Vitest Snapshot v1, https://vitest.dev/guide/snapshot.html

exports[`JobCard > matches snapshot. 1`] = `
<DocumentFragment>
  <div
    class="JobCard card"
  >
    <div
      class="JobCard__info card-body"
    >
      <h4
        class="card-title"
      >
        Job 1
      </h4>
      <div
        class="card-subtitle"
      >
        Company 1
      </div>
      <p
        class="card-text"
      >
        Salary: $1
      </p>
      <p
        class="card-text"
      >
        Equity: 0.1
      </p>
    </div>
    bound HTMLFormElement {
      "0": <button
        class="btn btn-secondary"
        type="button"
      >
        Apply
      </button>,
    }
  </div>
</DocumentFragment>
`;
