// Vitest Snapshot v1, https://vitest.dev/guide/snapshot.html

exports[`NavBar > matches snapshot. 1`] = `
<DocumentFragment>
  <nav
    class="NavBar navbar navbar-light bg-light"
  >
    <div
      class="container-fluid"
    >
      <a
        aria-current="page"
        class="navbar-brand active"
        data-discover="true"
        href="/"
      >
        Home
      </a>
      <ul
        class="nav"
      >
        <li
          class="nav-item"
        >
          <a
            class="nav-link link-secondary"
            data-discover="true"
            href="/companies"
          >
            Companies
          </a>
        </li>
        <li
          class="nav-item"
        >
          <a
            class="nav-link link-secondary"
            data-discover="true"
            href="/jobs"
          >
            Jobs
          </a>
        </li>
        <li
          class="nav-item"
        >
          <a
            class="nav-link link-secondary"
            data-discover="true"
            href="/profile"
          >
            Profile
          </a>
        </li>
        <li
          class="nav-item"
        >
          <a
            aria-current="page"
            class="nav-link link-secondary active"
            data-discover="true"
            href="/"
          >
            Logout testuser
          </a>
        </li>
      </ul>
    </div>
  </nav>
</DocumentFragment>
`;
