// Vitest Snapshot v1, https://vitest.dev/guide/snapshot.html

exports[`CompanyPage > matches snapshot. 1`] = `
<DocumentFragment>
  <main
    class="CompanyPage"
  >
    <section
      class="CompanyPage__info"
    >
      <header>
        <div
          class="CompanyPage__logo-container"
        >
          <img
            alt="Company 1 Logo"
            class="CompanyPage__logo"
            src="logo1.png"
          />
        </div>
        <h1>
          Company 1
        </h1>
      </header>
      <p>
        12 employees
      </p>
      <p>
        Company 1 description.
      </p>
    </section>
    <ul
      class="CompanyPage__jobs list-unstyled"
    >
      <li>
        <div
          class="JobCard card"
        >
          <div
            class="JobCard__info card-body"
          >
            <h4
              class="card-title"
            >
              Job 1
            </h4>
            <p
              class="card-text"
            >
              Salary: $1
            </p>
            <p
              class="card-text"
            >
              Equity: 0.1
            </p>
          </div>
          bound HTMLFormElement {
            "0": <button
              class="btn btn-secondary"
              type="button"
            >
              Apply
            </button>,
          }
        </div>
      </li>
      <li>
        <div
          class="JobCard card"
        >
          <div
            class="JobCard__info card-body"
          >
            <h4
              class="card-title"
            >
              Job 2
            </h4>
            <p
              class="card-text"
            >
              Salary: $2
            </p>
            <p
              class="card-text"
            >
              Equity: 0.2
            </p>
          </div>
          bound HTMLFormElement {
            "0": <button
              class="btn btn-secondary disabled"
              disabled=""
            >
              Applied
            </button>,
          }
        </div>
      </li>
    </ul>
  </main>
</DocumentFragment>
`;
