// Vitest Snapshot v1, https://vitest.dev/guide/snapshot.html

exports[`JobsPage > matches snapshot. 1`] = `
<DocumentFragment>
  <main
    class="JobsPage"
  >
    bound HTMLFormElement {
      "0": <input
        class="form-control"
        name="title"
        placeholder="Enter search term..."
        type="search"
        value=""
      />,
      "1": <button
        class="btn btn-secondary"
        type="submit"
      >
        Search
      </button>,
    }
    <ul
      class="JobsPage__companies-list list-unstyled"
    >
      <li>
        <div
          class="JobCard card"
        >
          <div
            class="JobCard__info card-body"
          >
            <h4
              class="card-title"
            >
              Job 1
            </h4>
            <div
              class="card-subtitle"
            >
              Company 1
            </div>
            <p
              class="card-text"
            >
              Salary: $1
            </p>
            <p
              class="card-text"
            >
              Equity: 0.1
            </p>
          </div>
          bound HTMLFormElement {
            "0": <button
              class="btn btn-secondary"
              type="button"
            >
              Apply
            </button>,
          }
        </div>
      </li>
      <li>
        <div
          class="JobCard card"
        >
          <div
            class="JobCard__info card-body"
          >
            <h4
              class="card-title"
            >
              Job 2
            </h4>
            <div
              class="card-subtitle"
            >
              Company 1
            </div>
            <p
              class="card-text"
            >
              Salary: $2
            </p>
            <p
              class="card-text"
            >
              Equity: 0.2
            </p>
          </div>
          bound HTMLFormElement {
            "0": <button
              class="btn btn-secondary disabled"
              disabled=""
            >
              Applied
            </button>,
          }
        </div>
      </li>
    </ul>
  </main>
</DocumentFragment>
`;
