// Vitest Snapshot v1, https://vitest.dev/guide/snapshot.html

exports[`Login > matches snapshot. 1`] = `
<DocumentFragment>
  <main
    class="Login"
  >
    <div
      class="card"
    >
      <div
        class="card-body"
      >
        <h2
          class="card-title"
        >
          Login
        </h2>
        bound HTMLFormElement {
          "0": <input
            class="form-control"
            id="Login__input-username"
            name="username"
            required=""
            type="text"
            value=""
          />,
          "1": <input
            class="form-control"
            id="Login__input-password"
            name="password"
            required=""
            type="password"
            value=""
          />,
          "2": <button
            class="btn btn-light"
            type="submit"
          >
            Submit
          </button>,
        }
      </div>
    </div>
  </main>
</DocumentFragment>
`;
