// Vitest Snapshot v1, https://vitest.dev/guide/snapshot.html

exports[`CompanyPage > matches snapshot. 1`] = `
<DocumentFragment>
  <main
    class="CompanyPage"
  >
    <section
      class="CompanyPage__info"
    >
      <header>
        <img
          alt="Company 1 Logo"
          src="logo1.png"
        />
        <h1>
          Company 1
        </h1>
      </header>
      <p>
        12 employees
      </p>
      <p>
        Company 1 description.
      </p>
    </section>
    <ul
      class="CompanyPage__jobs"
    >
      <li>
        <article
          class="JobCard"
        >
          <header
            class="JobCard__header"
          >
            <h1>
              Job 1
            </h1>
          </header>
          <summary
            class="JobCard__info"
          >
            <p>
              Salary: 1
            </p>
            <p>
              Equity: 0.1
            </p>
          </summary>
          bound HTMLFormElement {
            "0": <button
              type="button"
            >
              Apply
            </button>,
          }
        </article>
      </li>
      <li>
        <article
          class="JobCard"
        >
          <header
            class="JobCard__header"
          >
            <h1>
              Job 2
            </h1>
          </header>
          <summary
            class="JobCard__info"
          >
            <p>
              Salary: 2
            </p>
            <p>
              Equity: 0.2
            </p>
          </summary>
          bound HTMLFormElement {
            "0": <button
              disabled=""
              type="button"
            >
              Applied
            </button>,
          }
        </article>
      </li>
    </ul>
  </main>
</DocumentFragment>
`;
