// Vitest Snapshot v1, https://vitest.dev/guide/snapshot.html

exports[`Login > matches snapshot. 1`] = `
<DocumentFragment>
  <main
    class="Login"
  >
    <header>
      <h1>
        Login
      </h1>
    </header>
    bound HTMLFormElement {
      "0": <input
        id="Login__input-username"
        name="username"
        required=""
        type="text"
        value=""
      />,
      "1": <input
        id="Login__input-password"
        name="password"
        required=""
        type="password"
        value=""
      />,
      "2": <button
        type="submit"
      >
        Submit
      </button>,
    }
  </main>
</DocumentFragment>
`;
