// Vitest Snapshot v1, https://vitest.dev/guide/snapshot.html

exports[`App > matches snapshot. 1`] = `
<DocumentFragment>
  <div
    class="App"
  >
    <nav
      class="NavBar navbar navbar-light bg-light"
    >
      <div
        class="container-fluid"
      >
        <a
          aria-current="page"
          class="navbar-brand active"
          data-discover="true"
          href="/"
        >
          Home
        </a>
        <ul
          class="nav"
        >
          <li
            class="nav-item"
          >
            <a
              class="nav-link link-secondary"
              data-discover="true"
              href="/login"
            >
              Login
            </a>
          </li>
          <li
            class="nav-item"
          >
            <a
              class="nav-link link-secondary"
              data-discover="true"
              href="/signup"
            >
              Sign Up
            </a>
          </li>
        </ul>
      </div>
    </nav>
    <main>
      <h1>
        Jobly
      </h1>
      <p>
        All the jobs in one, convenient place.
      </p>
      <div>
        <a
          data-discover="true"
          href="/login"
        >
          <button
            type="button"
          >
            Log In
          </button>
        </a>
        <a
          data-discover="true"
          href="/signup"
        >
          <button
            type="button"
          >
            Sign Up
          </button>
        </a>
      </div>
    </main>
  </div>
</DocumentFragment>
`;
